// Jest Snapshot v1, https://goo.gl/fbAQLP

exports[`Test Places View render component 1`] = `
<div
  className="background"
>
  <div
    className="flexCenter p-3"
    data-aos="fade-down"
    data-aos-duration="1500"
    data-aos-easing="linear"
  >
    <h1
      className="title"
    >
      Destinos Nacionales e Internacionales
    </h1>
  </div>
  <div
    className="flexCenter mt-5"
  >
    <div
      className="flexCenter"
    >
      <h1>
        cargando...
      </h1>
    </div>
  </div>
</div>
`;
