// Jest Snapshot v1, https://goo.gl/fbAQLP

exports[`Test Places View render component 1`] = `
Array [
  <div
    className="flexCenter"
  >
    <div
      className="flexCenter background"
    >
      <h1>
        cargando...
      </h1>
    </div>
  </div>,
  <div
    className="flexCenter bg-dark"
  >
    <small
      className="text-white"
    >
      TravelCo | Todos los derechos reservados 2021
    </small>
  </div>,
]
`;
